// Jest Snapshot v1, https://goo.gl/fbAQLP

exports[`OfferDetailsNearByList render correctly 1`] = `
Array [
  <article
    className="near-places__card place-card"
  >
    <div
      className="near-places__image-wrapper place-card__image-wrapper"
    >
      <a
        href="/offer/1"
        onClick={[Function]}
      >
        <img
          alt="Place image"
          className="place-card__image"
          height="200"
          src="https://assets.htmlacademy.ru/intensives/javascript-3/hotel/14.jpg"
          width="260"
        />
      </a>
    </div>
    <div
      className=" place-card__info"
    >
      <div
        className="place-card__price-wrapper"
      >
        <div
          className="place-card__price"
        >
          <b
            className="place-card__price-value"
          >
            €
            493
          </b>
          <span
            className="place-card__price-text"
          >
            / night
          </span>
        </div>
        <button
          className="place-card__bookmark-button button "
          onClick={[Function]}
          type="button"
        >
          <svg
            className="place-card__bookmark-icon"
            height="19"
            width="18"
          >
            <use
              xlinkHref="#icon-bookmark"
            />
          </svg>
          <span
            className="visually-hidden"
          >
            In bookmarks
          </span>
        </button>
      </div>
      <div
        className="place-card__rating rating"
      >
        <div
          className="place-card__stars rating__stars"
        >
          <span
            style={
              Object {
                "width": "76%",
              }
            }
          />
          <span
            className="visually-hidden"
          >
            Rating
          </span>
        </div>
      </div>
      <h2
        className="place-card__name"
      >
        <a
          href="/offer/1"
          onClick={[Function]}
        >
          The house among olive 
        </a>
      </h2>
      <p
        className="place-card__type"
      >
        house
      </p>
    </div>
  </article>,
  <article
    className="near-places__card place-card"
  >
    <div
      className="near-places__image-wrapper place-card__image-wrapper"
    >
      <a
        href="/offer/2"
        onClick={[Function]}
      >
        <img
          alt="Place image"
          className="place-card__image"
          height="200"
          src="https://assets.htmlacademy.ru/intensives/javascript-3/hotel/8.jpg"
          width="260"
        />
      </a>
    </div>
    <div
      className=" place-card__info"
    >
      <div
        className="place-card__price-wrapper"
      >
        <div
          className="place-card__price"
        >
          <b
            className="place-card__price-value"
          >
            €
            323
          </b>
          <span
            className="place-card__price-text"
          >
            / night
          </span>
        </div>
        <button
          className="place-card__bookmark-button button "
          onClick={[Function]}
          type="button"
        >
          <svg
            className="place-card__bookmark-icon"
            height="19"
            width="18"
          >
            <use
              xlinkHref="#icon-bookmark"
            />
          </svg>
          <span
            className="visually-hidden"
          >
            In bookmarks
          </span>
        </button>
      </div>
      <div
        className="place-card__rating rating"
      >
        <div
          className="place-card__stars rating__stars"
        >
          <span
            style={
              Object {
                "width": "86%",
              }
            }
          />
          <span
            className="visually-hidden"
          >
            Rating
          </span>
        </div>
      </div>
      <h2
        className="place-card__name"
      >
        <a
          href="/offer/2"
          onClick={[Function]}
        >
          Amazing and Extremely Central Flat
        </a>
      </h2>
      <p
        className="place-card__type"
      >
        apartment
      </p>
    </div>
  </article>,
  <article
    className="near-places__card place-card"
  >
    <div
      className="near-places__image-wrapper place-card__image-wrapper"
    >
      <a
        href="/offer/3"
        onClick={[Function]}
      >
        <img
          alt="Place image"
          className="place-card__image"
          height="200"
          src="https://assets.htmlacademy.ru/intensives/javascript-3/hotel/16.jpg"
          width="260"
        />
      </a>
    </div>
    <div
      className=" place-card__info"
    >
      <div
        className="place-card__price-wrapper"
      >
        <div
          className="place-card__price"
        >
          <b
            className="place-card__price-value"
          >
            €
            218
          </b>
          <span
            className="place-card__price-text"
          >
            / night
          </span>
        </div>
        <button
          className="place-card__bookmark-button button "
          onClick={[Function]}
          type="button"
        >
          <svg
            className="place-card__bookmark-icon"
            height="19"
            width="18"
          >
            <use
              xlinkHref="#icon-bookmark"
            />
          </svg>
          <span
            className="visually-hidden"
          >
            In bookmarks
          </span>
        </button>
      </div>
      <div
        className="place-card__rating rating"
      >
        <div
          className="place-card__stars rating__stars"
        >
          <span
            style={
              Object {
                "width": "92%",
              }
            }
          />
          <span
            className="visually-hidden"
          >
            Rating
          </span>
        </div>
      </div>
      <h2
        className="place-card__name"
      >
        <a
          href="/offer/3"
          onClick={[Function]}
        >
          The house among olive 
        </a>
      </h2>
      <p
        className="place-card__type"
      >
        apartment
      </p>
    </div>
  </article>,
]
`;
