// Jest Snapshot v1, https://goo.gl/fbAQLP

exports[`OfferDetailsProperty render correctly 1`] = `
<section
  className="property"
>
  <div
    className="property__gallery-container container"
  >
    <div
      className="property__gallery"
    >
      <div
        className="property__image-wrapper"
      >
        <img
          alt="house"
          className="property__image"
          src="https://assets.htmlacademy.ru/intensives/javascript-3/hotel/15.jpg"
        />
      </div>
      <div
        className="property__image-wrapper"
      >
        <img
          alt="house"
          className="property__image"
          src="https://assets.htmlacademy.ru/intensives/javascript-3/hotel/16.jpg"
        />
      </div>
      <div
        className="property__image-wrapper"
      >
        <img
          alt="house"
          className="property__image"
          src="https://assets.htmlacademy.ru/intensives/javascript-3/hotel/9.jpg"
        />
      </div>
      <div
        className="property__image-wrapper"
      >
        <img
          alt="house"
          className="property__image"
          src="https://assets.htmlacademy.ru/intensives/javascript-3/hotel/10.jpg"
        />
      </div>
      <div
        className="property__image-wrapper"
      >
        <img
          alt="house"
          className="property__image"
          src="https://assets.htmlacademy.ru/intensives/javascript-3/hotel/4.jpg"
        />
      </div>
      <div
        className="property__image-wrapper"
      >
        <img
          alt="house"
          className="property__image"
          src="https://assets.htmlacademy.ru/intensives/javascript-3/hotel/19.jpg"
        />
      </div>
      <div
        className="property__image-wrapper"
      >
        <img
          alt="house"
          className="property__image"
          src="https://assets.htmlacademy.ru/intensives/javascript-3/hotel/14.jpg"
        />
      </div>
      <div
        className="property__image-wrapper"
      >
        <img
          alt="house"
          className="property__image"
          src="https://assets.htmlacademy.ru/intensives/javascript-3/hotel/3.jpg"
        />
      </div>
      <div
        className="property__image-wrapper"
      >
        <img
          alt="house"
          className="property__image"
          src="https://assets.htmlacademy.ru/intensives/javascript-3/hotel/2.jpg"
        />
      </div>
      <div
        className="property__image-wrapper"
      >
        <img
          alt="house"
          className="property__image"
          src="https://assets.htmlacademy.ru/intensives/javascript-3/hotel/11.jpg"
        />
      </div>
      <div
        className="property__image-wrapper"
      >
        <img
          alt="house"
          className="property__image"
          src="https://assets.htmlacademy.ru/intensives/javascript-3/hotel/1.jpg"
        />
      </div>
      <div
        className="property__image-wrapper"
      >
        <img
          alt="house"
          className="property__image"
          src="https://assets.htmlacademy.ru/intensives/javascript-3/hotel/17.jpg"
        />
      </div>
      <div
        className="property__image-wrapper"
      >
        <img
          alt="house"
          className="property__image"
          src="https://assets.htmlacademy.ru/intensives/javascript-3/hotel/5.jpg"
        />
      </div>
      <div
        className="property__image-wrapper"
      >
        <img
          alt="house"
          className="property__image"
          src="https://assets.htmlacademy.ru/intensives/javascript-3/hotel/13.jpg"
        />
      </div>
    </div>
  </div>
  <div
    className="property__container container"
  >
    <div
      className="property__wrapper"
    >
      <div
        className="property__name-wrapper"
      >
        <h1
          className="property__name"
        >
          The house among olive 
        </h1>
        <button
          className="property__bookmark-button button "
          onClick={[Function]}
          type="button"
        >
          <svg
            className="property__bookmark-icon"
            height="33"
            width="31"
          >
            <use
              xlinkHref="#icon-bookmark"
            />
          </svg>
          <span
            className="visually-hidden"
          >
            To bookmarks
          </span>
        </button>
      </div>
      <div
        className="property__rating rating"
      >
        <div
          className="property__stars rating__stars"
        >
          <span
            style={
              Object {
                "width": "76%",
              }
            }
          />
          <span
            className="visually-hidden"
          >
            Rating
          </span>
        </div>
        <span
          className="property__rating-value rating__value"
        >
          3.8
        </span>
      </div>
      <ul
        className="property__features"
      >
        <li
          className="property__feature property__feature--entire"
        >
          house
        </li>
        <li
          className="property__feature property__feature--bedrooms"
        >
          3 bedrooms
        </li>
        <li
          className="property__feature property__feature--adults"
        >
          Max 
          4
           adults
        </li>
      </ul>
      <div
        className="property__price"
      >
        <b
          className="property__price-value"
        >
          €
          493
        </b>
        <span
          className="property__price-text"
        >
           night
        </span>
      </div>
      <div
        className="property__inside"
      >
        <h2
          className="property__inside-title"
        >
          What's inside
        </h2>
        <ul
          className="property__inside-list"
        >
          <li
            className="property__inside-item"
          >
            Laptop friendly workspace
          </li>
          <li
            className="property__inside-item"
          >
            Washer
          </li>
          <li
            className="property__inside-item"
          >
            Towels
          </li>
          <li
            className="property__inside-item"
          >
            Fridge
          </li>
          <li
            className="property__inside-item"
          >
            Air conditioning
          </li>
          <li
            className="property__inside-item"
          >
            Baby seat
          </li>
          <li
            className="property__inside-item"
          >
            Breakfast
          </li>
        </ul>
      </div>
      <div
        className="property__host"
      >
        <h2
          className="property__host-title"
        >
          Meet the host
        </h2>
        <div
          className="property__host-user user"
        >
          <div
            className="property__avatar-wrapper user__avatar-wrapper property__avatar-wrapper--pro"
          >
            <img
              alt="Host avatar"
              className="property__avatar user__avatar"
              height="74"
              src="img/avatar-angelina.jpg"
              width="74"
            />
          </div>
          <span
            className="property__user-name"
          >
            Angelina
          </span>
        </div>
        <div
          className="property__description"
        >
          <p
            className="property__text"
          >
            Discover daily local life in city center, friendly neighborhood, clandestine casino, karaoke, old-style artisans, art gallery and artist studio downstairs.
          </p>
        </div>
      </div>
      <section
        className="property__reviews reviews"
      >
        <h2
          className="reviews__title"
        >
          Reviews ·
          <span
            className="reviews__amount"
          >
            2
          </span>
        </h2>
        <ul
          className="reviews__list"
        >
          <li
            className="reviews__item"
          >
            <div
              className="reviews__user user"
            >
              <div
                className="reviews__avatar-wrapper user__avatar-wrapper"
              >
                <img
                  alt="Avatar xyz"
                  className="reviews__avatar user__avatar"
                  height="54"
                  src="https://assets.htmlacademy.ru/intensives/javascript-3/avatar/3.jpg"
                  width="54"
                />
              </div>
              <span
                className="reviews__user-name"
              >
                xyz
              </span>
            </div>
            <div
              className="reviews__info"
            >
              <div
                className="reviews__rating rating"
              >
                <div
                  className="reviews__stars rating__stars"
                >
                  <span
                    style={
                      Object {
                        "width": "80%",
                      }
                    }
                  />
                  <span
                    className="visually-hidden"
                  >
                    Rating
                  </span>
                </div>
              </div>
              <p
                className="reviews__text"
              >
                421421
              </p>
              <time
                className="reviews__time"
                dateTime="2020-11-15T13:58:19.494Z"
              >
                November 2020
              </time>
            </div>
          </li>
          <li
            className="reviews__item"
          >
            <div
              className="reviews__user user"
            >
              <div
                className="reviews__avatar-wrapper user__avatar-wrapper"
              >
                <img
                  alt="Avatar xyza"
                  className="reviews__avatar user__avatar"
                  height="54"
                  src="https://assets.htmlacademy.ru/intensives/javascript-3/avatar/4.jpg"
                  width="54"
                />
              </div>
              <span
                className="reviews__user-name"
              >
                xyza
              </span>
            </div>
            <div
              className="reviews__info"
            >
              <div
                className="reviews__rating rating"
              >
                <div
                  className="reviews__stars rating__stars"
                >
                  <span
                    style={
                      Object {
                        "width": "60%",
                      }
                    }
                  />
                  <span
                    className="visually-hidden"
                  >
                    Rating
                  </span>
                </div>
              </div>
              <p
                className="reviews__text"
              >
                1111
              </p>
              <time
                className="reviews__time"
                dateTime="2020-10-15T13:58:19.494Z"
              >
                October 2020
              </time>
            </div>
          </li>
        </ul>
        <form
          action="#"
          className="reviews__form form"
          method="post"
          onSubmit={[Function]}
        >
          <label
            className="reviews__label form__label"
            htmlFor="review"
          >
            Your review
          </label>
          <div
            className="reviews__rating-form form__rating"
          >
            <input
              className="form__rating-input visually-hidden"
              disabled="disabled"
              id="5-stars"
              name="rating"
              required={true}
              type="radio"
              value="5"
            />
            <label
              className="reviews__rating-label form__rating-label"
              htmlFor="5-stars"
              title="perfect"
            >
              <svg
                className="form__star-image"
                height="33"
                width="37"
              >
                <use
                  xlinkHref="#icon-star"
                />
              </svg>
            </label>
            <input
              className="form__rating-input visually-hidden"
              disabled="disabled"
              id="4-stars"
              name="rating"
              required={true}
              type="radio"
              value="4"
            />
            <label
              className="reviews__rating-label form__rating-label"
              htmlFor="4-stars"
              title="good"
            >
              <svg
                className="form__star-image"
                height="33"
                width="37"
              >
                <use
                  xlinkHref="#icon-star"
                />
              </svg>
            </label>
            <input
              className="form__rating-input visually-hidden"
              disabled="disabled"
              id="3-stars"
              name="rating"
              required={true}
              type="radio"
              value="3"
            />
            <label
              className="reviews__rating-label form__rating-label"
              htmlFor="3-stars"
              title="not bad"
            >
              <svg
                className="form__star-image"
                height="33"
                width="37"
              >
                <use
                  xlinkHref="#icon-star"
                />
              </svg>
            </label>
            <input
              className="form__rating-input visually-hidden"
              disabled="disabled"
              id="2-stars"
              name="rating"
              required={true}
              type="radio"
              value="2"
            />
            <label
              className="reviews__rating-label form__rating-label"
              htmlFor="2-stars"
              title="badly"
            >
              <svg
                className="form__star-image"
                height="33"
                width="37"
              >
                <use
                  xlinkHref="#icon-star"
                />
              </svg>
            </label>
            <input
              className="form__rating-input visually-hidden"
              disabled="disabled"
              id="1-stars"
              name="rating"
              required={true}
              type="radio"
              value="1"
            />
            <label
              className="reviews__rating-label form__rating-label"
              htmlFor="1-stars"
              title="terribly"
            >
              <svg
                className="form__star-image"
                height="33"
                width="37"
              >
                <use
                  xlinkHref="#icon-star"
                />
              </svg>
            </label>
          </div>
          <textarea
            className="reviews__textarea form__textarea"
            disabled="disabled"
            id="review"
            maxLength="300"
            minLength="50"
            name="review"
            placeholder="Tell how was your stay, what you like and what can be improved"
          />
          <div
            className="reviews__button-wrapper"
          >
            <p
              className="reviews__help"
            >
              To submit review please make sure to set 
              <span
                className="reviews__star"
              >
                rating
              </span>
               and describe your stay with at least 
              <b
                className="reviews__text-amount"
              >
                50 characters
              </b>
              .
            </p>
            <button
              className="reviews__submit form__submit button"
              disabled="disabled"
              type="submit"
            >
              Submit
            </button>
          </div>
        </form>
      </section>
    </div>
  </div>
  <section
    className="property__map map"
    id="map"
  />
</section>
`;
