// Jest Snapshot v1, https://goo.gl/fbAQLP

exports[`ReviewsContainer render correctly 1`] = `
<section
  className="property__reviews reviews"
>
  <h2
    className="reviews__title"
  >
    Reviews Â·
    <span
      className="reviews__amount"
    >
      2
    </span>
  </h2>
  <ul
    className="reviews__list"
  >
    <li
      className="reviews__item"
    >
      <div
        className="reviews__user user"
      >
        <div
          className="reviews__avatar-wrapper user__avatar-wrapper"
        >
          <img
            alt="Avatar xyz"
            className="reviews__avatar user__avatar"
            height="54"
            src="https://assets.htmlacademy.ru/intensives/javascript-3/avatar/3.jpg"
            width="54"
          />
        </div>
        <span
          className="reviews__user-name"
        >
          xyz
        </span>
      </div>
      <div
        className="reviews__info"
      >
        <div
          className="reviews__rating rating"
        >
          <div
            className="reviews__stars rating__stars"
          >
            <span
              style={
                Object {
                  "width": "80%",
                }
              }
            />
            <span
              className="visually-hidden"
            >
              Rating
            </span>
          </div>
        </div>
        <p
          className="reviews__text"
        >
          421421
        </p>
        <time
          className="reviews__time"
          dateTime="2020-11-15T13:58:19.494Z"
        >
          November 2020
        </time>
      </div>
    </li>
    <li
      className="reviews__item"
    >
      <div
        className="reviews__user user"
      >
        <div
          className="reviews__avatar-wrapper user__avatar-wrapper"
        >
          <img
            alt="Avatar xyza"
            className="reviews__avatar user__avatar"
            height="54"
            src="https://assets.htmlacademy.ru/intensives/javascript-3/avatar/4.jpg"
            width="54"
          />
        </div>
        <span
          className="reviews__user-name"
        >
          xyza
        </span>
      </div>
      <div
        className="reviews__info"
      >
        <div
          className="reviews__rating rating"
        >
          <div
            className="reviews__stars rating__stars"
          >
            <span
              style={
                Object {
                  "width": "60%",
                }
              }
            />
            <span
              className="visually-hidden"
            >
              Rating
            </span>
          </div>
        </div>
        <p
          className="reviews__text"
        >
          1111
        </p>
        <time
          className="reviews__time"
          dateTime="2020-10-15T13:58:19.494Z"
        >
          October 2020
        </time>
      </div>
    </li>
  </ul>
  <form
    action="#"
    className="reviews__form form"
    method="post"
    onSubmit={[Function]}
  >
    <label
      className="reviews__label form__label"
      htmlFor="review"
    >
      Your review
    </label>
    <div
      className="reviews__rating-form form__rating"
    >
      <input
        className="form__rating-input visually-hidden"
        disabled="disabled"
        id="5-stars"
        name="rating"
        required={true}
        type="radio"
        value="5"
      />
      <label
        className="reviews__rating-label form__rating-label"
        htmlFor="5-stars"
        title="perfect"
      >
        <svg
          className="form__star-image"
          height="33"
          width="37"
        >
          <use
            xlinkHref="#icon-star"
          />
        </svg>
      </label>
      <input
        className="form__rating-input visually-hidden"
        disabled="disabled"
        id="4-stars"
        name="rating"
        required={true}
        type="radio"
        value="4"
      />
      <label
        className="reviews__rating-label form__rating-label"
        htmlFor="4-stars"
        title="good"
      >
        <svg
          className="form__star-image"
          height="33"
          width="37"
        >
          <use
            xlinkHref="#icon-star"
          />
        </svg>
      </label>
      <input
        className="form__rating-input visually-hidden"
        disabled="disabled"
        id="3-stars"
        name="rating"
        required={true}
        type="radio"
        value="3"
      />
      <label
        className="reviews__rating-label form__rating-label"
        htmlFor="3-stars"
        title="not bad"
      >
        <svg
          className="form__star-image"
          height="33"
          width="37"
        >
          <use
            xlinkHref="#icon-star"
          />
        </svg>
      </label>
      <input
        className="form__rating-input visually-hidden"
        disabled="disabled"
        id="2-stars"
        name="rating"
        required={true}
        type="radio"
        value="2"
      />
      <label
        className="reviews__rating-label form__rating-label"
        htmlFor="2-stars"
        title="badly"
      >
        <svg
          className="form__star-image"
          height="33"
          width="37"
        >
          <use
            xlinkHref="#icon-star"
          />
        </svg>
      </label>
      <input
        className="form__rating-input visually-hidden"
        disabled="disabled"
        id="1-stars"
        name="rating"
        required={true}
        type="radio"
        value="1"
      />
      <label
        className="reviews__rating-label form__rating-label"
        htmlFor="1-stars"
        title="terribly"
      >
        <svg
          className="form__star-image"
          height="33"
          width="37"
        >
          <use
            xlinkHref="#icon-star"
          />
        </svg>
      </label>
    </div>
    <textarea
      className="reviews__textarea form__textarea"
      disabled="disabled"
      id="review"
      maxLength="300"
      minLength="50"
      name="review"
      placeholder="Tell how was your stay, what you like and what can be improved"
    />
    <div
      className="reviews__button-wrapper"
    >
      <p
        className="reviews__help"
      >
        To submit review please make sure to set 
        <span
          className="reviews__star"
        >
          rating
        </span>
         and describe your stay with at least 
        <b
          className="reviews__text-amount"
        >
          50 characters
        </b>
        .
      </p>
      <button
        className="reviews__submit form__submit button"
        disabled="disabled"
        type="submit"
      >
        Submit
      </button>
    </div>
  </form>
</section>
`;
