// Jest Snapshot v1, https://goo.gl/fbAQLP

exports[`PremiumMark render correctly It is premium 1`] = `
<div
  className="place-card__mark"
>
  <span>
    Premium
  </span>
</div>
`;

exports[`PremiumMark render correctly It isn't premium 1`] = `null`;
